// Jest Snapshot v1, https://goo.gl/fbAQLP

exports[`Banner renders correctly 1`] = `
<div
  className="css-gxfm47"
>
  <img
    alt=""
    src="test-file-stub"
    width="350"
  />
  <h1
    className="css-1cf31kz"
  >
    Collaborate
  </h1>
</div>
`;
